serial,10000,7,0.104667,9.554e+07
serial,100000,7,0.791709,1.263e+08
serial,1000000,7,2.974375,3.362e+08
serial,10000000,7,20.183167,4.955e+08
serial,50000000,7,101.088167,4.946e+08
serial,100000000,7,203.933375,4.904e+08
-- rep 1 done --
serial,10000,7,0.018625,5.369e+08
serial,100000,7,0.193375,5.171e+08
serial,1000000,7,1.957500,5.109e+08
serial,10000000,7,20.154709,4.962e+08
serial,50000000,7,101.229459,4.939e+08
serial,100000000,7,203.132583,4.923e+08
-- rep 2 done --
serial,10000,7,0.018750,5.333e+08
serial,100000,7,0.193375,5.171e+08
serial,1000000,7,1.932583,5.174e+08
serial,10000000,7,20.257458,4.936e+08
serial,50000000,7,101.304375,4.936e+08
serial,100000000,7,202.483584,4.939e+08
-- rep 3 done --
serial,10000,7,0.018708,5.345e+08
serial,100000,7,0.192833,5.186e+08
serial,1000000,7,1.980500,5.049e+08
serial,10000000,7,20.175000,4.957e+08
serial,50000000,7,101.577334,4.922e+08
serial,100000000,7,202.967250,4.927e+08
-- rep 4 done --
serial,10000,7,0.018750,5.333e+08
serial,100000,7,0.196417,5.091e+08
serial,1000000,7,1.949333,5.130e+08
serial,10000000,7,20.328167,4.919e+08
serial,50000000,7,101.169250,4.942e+08
serial,100000000,7,210.443500,4.752e+08
-- rep 5 done --
