serial,10000,7,0.101625,9.840e+07
serial,100000,7,0.861958,1.160e+08
serial,1000000,7,3.018750,3.313e+08
serial,10000000,7,20.137208,4.966e+08
serial,50000000,7,105.518583,4.739e+08
serial,100000000,7,217.153125,4.605e+08
-- rep 1 done --
serial,10000,7,0.019542,5.117e+08
serial,100000,7,0.193041,5.180e+08
serial,1000000,7,1.967167,5.083e+08
serial,10000000,7,21.901834,4.566e+08
serial,50000000,7,106.039416,4.715e+08
serial,100000000,7,214.728625,4.657e+08
-- rep 2 done --
serial,10000,7,0.018792,5.321e+08
serial,100000,7,0.192042,5.207e+08
serial,1000000,7,1.953042,5.120e+08
serial,10000000,7,20.384916,4.906e+08
serial,50000000,7,101.502334,4.926e+08
serial,100000000,7,220.289708,4.539e+08
-- rep 3 done --
serial,10000,7,0.018792,5.321e+08
serial,100000,7,0.191584,5.220e+08
serial,1000000,7,2.036750,4.910e+08
serial,10000000,7,20.330208,4.919e+08
serial,50000000,7,103.932958,4.811e+08
serial,100000000,7,203.016375,4.926e+08
-- rep 4 done --
serial,10000,7,0.018667,5.357e+08
serial,100000,7,0.191917,5.211e+08
serial,1000000,7,1.951209,5.125e+08
serial,10000000,7,20.240750,4.941e+08
serial,50000000,7,101.074500,4.947e+08
serial,100000000,7,203.279125,4.919e+08
-- rep 5 done --
