serial,10000,7,0.041834,2.390e+08
serial,100000,7,0.564583,1.771e+08
serial,1000000,7,4.288958,2.332e+08
serial,10000000,7,34.807667,2.873e+08
serial,50000000,7,172.802041,2.893e+08
serial,100000000,7,342.626583,2.919e+08
-- rep 1 done --
serial,10000,7,0.032500,3.077e+08
serial,100000,7,0.333792,2.996e+08
serial,1000000,7,3.386542,2.953e+08
serial,10000000,7,34.106750,2.932e+08
serial,50000000,7,170.893417,2.926e+08
serial,100000000,7,341.660584,2.927e+08
-- rep 2 done --
serial,10000,7,0.032541,3.073e+08
serial,100000,7,0.334750,2.987e+08
serial,1000000,7,3.338083,2.996e+08
serial,10000000,7,33.996917,2.941e+08
serial,50000000,7,170.774875,2.928e+08
serial,100000000,7,342.756458,2.918e+08
-- rep 3 done --
serial,10000,7,0.032583,3.069e+08
serial,100000,7,0.347167,2.880e+08
serial,1000000,7,3.359834,2.976e+08
serial,10000000,7,34.060625,2.936e+08
serial,50000000,7,170.505000,2.932e+08
serial,100000000,7,340.993709,2.933e+08
-- rep 4 done --
serial,10000,7,0.032333,3.093e+08
serial,100000,7,0.332750,3.005e+08
serial,1000000,7,3.396542,2.944e+08
serial,10000000,7,34.524958,2.896e+08
serial,50000000,7,176.750167,2.829e+08
serial,100000000,7,342.020958,2.924e+08
-- rep 5 done --
